16:50:30 **** Incremental Build of configuration Debug for project UltraSonic ****
make -j4 all 
arm-none-eabi-gcc "../Core/Src/stm32f4xx_it.c" -mcpu=cortex-m4 -std=gnu11 -g3 -DDEBUG -DUSE_HAL_DRIVER -DSTM32F411xE -c -I../Core/Inc -I../Drivers/STM32F4xx_HAL_Driver/Inc -I../Drivers/STM32F4xx_HAL_Driver/Inc/Legacy -I../Drivers/CMSIS/Device/ST/STM32F4xx/Include -I../Drivers/CMSIS/Include -O0 -ffunction-sections -fdata-sections -Wall -fstack-usage -fcyclomatic-complexity -MMD -MP -MF"Core/Src/stm32f4xx_it.d" -MT"Core/Src/stm32f4xx_it.o" --specs=nano.specs -mfpu=fpv4-sp-d16 -mfloat-abi=hard -mthumb -o "Core/Src/stm32f4xx_it.o"
arm-none-eabi-gcc "../Core/Src/tim.c" -mcpu=cortex-m4 -std=gnu11 -g3 -DDEBUG -DUSE_HAL_DRIVER -DSTM32F411xE -c -I../Core/Inc -I../Drivers/STM32F4xx_HAL_Driver/Inc -I../Drivers/STM32F4xx_HAL_Driver/Inc/Legacy -I../Drivers/CMSIS/Device/ST/STM32F4xx/Include -I../Drivers/CMSIS/Include -O0 -ffunction-sections -fdata-sections -Wall -fstack-usage -fcyclomatic-complexity -MMD -MP -MF"Core/Src/tim.d" -MT"Core/Src/tim.o" --specs=nano.specs -mfpu=fpv4-sp-d16 -mfloat-abi=hard -mthumb -o "Core/Src/tim.o"
arm-none-eabi-gcc -o "UltraSonic.elf" @"objects.list"   -mcpu=cortex-m4 -T"C:\WorkSpace_intel\ARM\UltraSonic\STM32F411RETX_FLASH.ld" --specs=nosys.specs -Wl,-Map="UltraSonic.map" -Wl,--gc-sections -static --specs=nano.specs -mfpu=fpv4-sp-d16 -mfloat-abi=hard -mthumb -Wl,--start-group -lc -lm -Wl,--end-group
Finished building target: UltraSonic.elf
 
arm-none-eabi-size   UltraSonic.elf 
arm-none-eabi-objdump -h -S  UltraSonic.elf  > "UltraSonic.list"
   text	   data	    bss	    dec	    hex	filename
  19188	    112	   2048	  21348	   5364	UltraSonic.elf
Finished building: default.size.stdout
 
Finished building: UltraSonic.list
 
16:50:37 **** Incremental Build of configuration Debug for project UltraSonic ****
make -j4 all 
arm-none-eabi-size   UltraSonic.elf 
   text	   data	    bss	    dec	    hex	filename
  19188	    112	   2048	  21348	   5364	UltraSonic.elf
Finished building: default.size.stdout
 
16:51:30 **** Incremental Build of configuration Debug for project UltraSonic ****
make -j4 all 
arm-none-eabi-size   UltraSonic.elf 
   text	   data	    bss	    dec	    hex	filename
  19188	    112	   2048	  21348	   5364	UltraSonic.elf
Finished building: default.size.stdout
 
16:51:49 **** Incremental Build of configuration Debug for project UltraSonic ****
make -j4 all 
arm-none-eabi-size   UltraSonic.elf 
   text	   data	    bss	    dec	    hex	filename
  19188	    112	   2048	  21348	   5364	UltraSonic.elf
Finished building: default.size.stdout
 
16:53:21 **** Incremental Build of configuration Debug for project UltraSonic ****
make -j4 all 
arm-none-eabi-gcc "../Core/Src/main.c" -mcpu=cortex-m4 -std=gnu11 -g3 -DDEBUG -DUSE_HAL_DRIVER -DSTM32F411xE -c -I../Core/Inc -I../Drivers/STM32F4xx_HAL_Driver/Inc -I../Drivers/STM32F4xx_HAL_Driver/Inc/Legacy -I../Drivers/CMSIS/Device/ST/STM32F4xx/Include -I../Drivers/CMSIS/Include -O0 -ffunction-sections -fdata-sections -Wall -fstack-usage -fcyclomatic-complexity -MMD -MP -MF"Core/Src/main.d" -MT"Core/Src/main.o" --specs=nano.specs -mfpu=fpv4-sp-d16 -mfloat-abi=hard -mthumb -o "Core/Src/main.o"
arm-none-eabi-gcc -o "UltraSonic.elf" @"objects.list"   -mcpu=cortex-m4 -T"C:\WorkSpace_intel\ARM\UltraSonic\STM32F411RETX_FLASH.ld" --specs=nosys.specs -Wl,-Map="UltraSonic.map" -Wl,--gc-sections -static --specs=nano.specs -mfpu=fpv4-sp-d16 -mfloat-abi=hard -mthumb -Wl,--start-group -lc -lm -Wl,--end-group
Finished building target: UltraSonic.elf
 
arm-none-eabi-size   UltraSonic.elf 
arm-none-eabi-objdump -h -S  UltraSonic.elf  > "UltraSonic.list"
   text	   data	    bss	    dec	    hex	filename
  19188	    112	   2048	  21348	   5364	UltraSonic.elf
Finished building: default.size.stdout
 
Finished building: UltraSonic.list
 
16:55:01 **** Incremental Build of configuration Debug for project UltraSonic ****
make -j4 all 
arm-none-eabi-size   UltraSonic.elf 
   text	   data	    bss	    dec	    hex	filename
  19188	    112	   2048	  21348	   5364	UltraSonic.elf
Finished building: default.size.stdout
 
