15:10:21 **** Incremental Build of configuration Debug for project SG90 ****
make -j4 all 
arm-none-eabi-gcc "../Core/Src/main.c" -mcpu=cortex-m4 -std=gnu11 -g3 -DDEBUG -DUSE_HAL_DRIVER -DSTM32F411xE -c -I../Core/Inc -I../Drivers/STM32F4xx_HAL_Driver/Inc -I../Drivers/STM32F4xx_HAL_Driver/Inc/Legacy -I../Drivers/CMSIS/Device/ST/STM32F4xx/Include -I../Drivers/CMSIS/Include -O0 -ffunction-sections -fdata-sections -Wall -fstack-usage -fcyclomatic-complexity -MMD -MP -MF"Core/Src/main.d" -MT"Core/Src/main.o" --specs=nano.specs -mfpu=fpv4-sp-d16 -mfloat-abi=hard -mthumb -o "Core/Src/main.o"
arm-none-eabi-gcc -o "SG90.elf" @"objects.list"   -mcpu=cortex-m4 -T"C:\WorkSpace_intel\ARM\SG90\STM32F411RETX_FLASH.ld" --specs=nosys.specs -Wl,-Map="SG90.map" -Wl,--gc-sections -static --specs=nano.specs -mfpu=fpv4-sp-d16 -mfloat-abi=hard -mthumb -Wl,--start-group -lc -lm -Wl,--end-group
Finished building target: SG90.elf
 
arm-none-eabi-size   SG90.elf 
arm-none-eabi-objdump -h -S  SG90.elf  > "SG90.list"
   text	   data	    bss	    dec	    hex	filename
  11488	     20	   1716	  13224	   33a8	SG90.elf
Finished building: default.size.stdout
 
Finished building: SG90.list
 

15:10:22 Build Finished. 0 errors, 0 warnings. (took 975ms)

