16:42:19 **** Incremental Build of configuration Debug for project Test02_ADC ****
make -j4 all 
arm-none-eabi-gcc "../Core/Src/main.c" -mcpu=cortex-m4 -std=gnu11 -g3 -DDEBUG -DUSE_HAL_DRIVER -DSTM32F411xE -c -I../Core/Inc -I../Drivers/STM32F4xx_HAL_Driver/Inc -I../Drivers/STM32F4xx_HAL_Driver/Inc/Legacy -I../Drivers/CMSIS/Device/ST/STM32F4xx/Include -I../Drivers/CMSIS/Include -O0 -ffunction-sections -fdata-sections -Wall -fstack-usage -fcyclomatic-complexity -MMD -MP -MF"Core/Src/main.d" -MT"Core/Src/main.o" --specs=nano.specs -mfpu=fpv4-sp-d16 -mfloat-abi=hard -mthumb -o "Core/Src/main.o"
In file included from ../Core/Src/main.c:51:
../Core/Src/../../../myLib/myLib.c: In function '__io_putchar':
../Core/Src/../../../myLib/myLib.c:3:35: warning: passing argument 2 of 'HAL_UART_Transmit' from incompatible pointer type [-Wincompatible-pointer-types]
    3 |         HAL_UART_Transmit(&huart2,&c, 1, 10);
      |                                   ^~
      |                                   |
      |                                   int *
In file included from ../Core/Inc/stm32f4xx_hal_conf.h:411,
                 from ../Drivers/STM32F4xx_HAL_Driver/Inc/stm32f4xx_hal.h:29,
                 from ../Core/Inc/main.h:30,
                 from ../Core/Src/main.c:20:
../Drivers/STM32F4xx_HAL_Driver/Inc/stm32f4xx_hal_uart.h:722:79: note: expected 'const uint8_t *' {aka 'const unsigned char *'} but argument is of type 'int *'
  722 | HAL_StatusTypeDef HAL_UART_Transmit(UART_HandleTypeDef *huart, const uint8_t *pData, uint16_t Size, uint32_t Timeout);
      |                                                                ~~~~~~~~~~~~~~~^~~~~
../Core/Src/main.c: In function 'myDelay':
../Core/Src/main.c:71:25: warning: implicit declaration of function 'noOp' [-Wimplicit-function-declaration]
   71 |                         noOp();
      |                         ^~~~
../Core/Src/main.c: At top level:
../Core/Src/main.c:79:6: warning: conflicting types for 'noOp'; have 'void()'
   79 | void noOp(){}
      |      ^~~~
../Core/Src/main.c:71:25: note: previous implicit declaration of 'noOp' with type 'void()'
   71 |                         noOp();
      |                         ^~~~
../Core/Src/main.c: In function 'main':
../Core/Src/main.c:138:3: warning: implicit declaration of function 'printf' [-Wimplicit-function-declaration]
  138 |   printf("\033[1J\033[1;1HProgram Restart....\r\n");
      |   ^~~~~~
../Core/Src/main.c:52:1: note: include '<stdio.h>' or provide a declaration of 'printf'
   51 | #include "../../../myLib/myLib.c"
  +++ |+#include <stdio.h>
   52 | /* USER CODE END PV */
../Core/Src/main.c:138:3: warning: incompatible implicit declaration of built-in function 'printf' [-Wbuiltin-declaration-mismatch]
  138 |   printf("\033[1J\033[1;1HProgram Restart....\r\n");
      |   ^~~~~~
../Core/Src/main.c:138:3: note: include '<stdio.h>' or provide a declaration of 'printf'
../Core/Src/main.c:146:29: warning: passing argument 2 of 'HAL_ADC_Start_DMA' from incompatible pointer type [-Wincompatible-pointer-types]
  146 |   HAL_ADC_Start_DMA(&hadc1, (int *)dValue, 2);
      |                             ^~~~~~~~~~~~~
      |                             |
      |                             int *
In file included from ../Core/Inc/stm32f4xx_hal_conf.h:295,
                 from ../Drivers/STM32F4xx_HAL_Driver/Inc/stm32f4xx_hal.h:29,
                 from ../Core/Inc/main.h:30,
                 from ../Core/Src/main.c:20:
../Drivers/STM32F4xx_HAL_Driver/Inc/stm32f4xx_hal_adc.h:594:72: note: expected 'uint32_t *' {aka 'long unsigned int *'} but argument is of type 'int *'
  594 | HAL_StatusTypeDef HAL_ADC_Start_DMA(ADC_HandleTypeDef* hadc, uint32_t* pData, uint32_t Length);
      |                                                              ~~~~~~~~~~^~~~~
arm-none-eabi-gcc -o "Test02_ADC.elf" @"objects.list"   -mcpu=cortex-m4 -T"C:\WorkSpace_GUI\Test02_ADC\STM32F411RETX_FLASH.ld" --specs=nosys.specs -Wl,-Map="Test02_ADC.map" -Wl,--gc-sections -static --specs=nano.specs -mfpu=fpv4-sp-d16 -mfloat-abi=hard -mthumb -Wl,--start-group -lc -lm -Wl,--end-group
Finished building target: Test02_ADC.elf
 
arm-none-eabi-size   Test02_ADC.elf 
arm-none-eabi-objdump -h -S  Test02_ADC.elf  > "Test02_ADC.list"
   text	   data	    bss	    dec	    hex	filename
  19080	    112	   2216	  21408	   53a0	Test02_ADC.elf
Finished building: default.size.stdout
 
Finished building: Test02_ADC.list
 

16:42:21 Build Finished. 0 errors, 6 warnings. (took 1s.280ms)

